npm error Missing script: "typecheck"
npm error
npm error To see a list of scripts, run:
npm error   npm run
npm error A complete log of this run can be found in: /Users/ishaan/.npm/_logs/2026-04-16T01_13_56_667Z-debug-0.log
